// Jest Snapshot v1, https://goo.gl/fbAQLP

exports[`draw a text with default spacing factor 1`] = `
Array [
  Point {
    "b": 0,
    "g": 0,
    "r": 0,
    "x": 0.18,
    "y": 0.33,
  },
  Point {
    "b": 0,
    "g": 0,
    "r": 0,
    "x": 0.18,
    "y": 0.33,
  },
  Point {
    "b": 0,
    "g": 0,
    "r": 0,
    "x": 0.18,
    "y": 0.33,
  },
  Point {
    "b": 0,
    "g": 0,
    "r": 0,
    "x": 0.18,
    "y": 0.33,
  },
  Point {
    "b": 0,
    "g": 0,
    "r": 0,
    "x": 0.18,
    "y": 0.33,
  },
  Point {
    "b": 0,
    "g": 0,
    "r": 0,
    "x": 0.18,
    "y": 0.33,
  },
  Point {
    "b": 0,
    "g": 0,
    "r": 0,
    "x": 0.18,
    "y": 0.33,
  },
  Point {
    "b": 0,
    "g": 0,
    "r": 0,
    "x": 0.18,
    "y": 0.33,
  },
  Point {
    "b": 0,
    "g": 0,
    "r": 0,
    "x": 0.18,
    "y": 0.33,
  },
  Point {
    "b": 0,
    "g": 0,
    "r": 0,
    "x": 0.18,
    "y": 0.33,
  },
  Point {
    "b": 0,
    "g": 0,
    "r": 0,
    "x": 0.18,
    "y": 0.33,
  },
  Point {
    "b": 0,
    "g": 0,
    "r": 0,
    "x": 0.18,
    "y": 0.33,
  },
  Point {
    "b": 0,
    "g": 0,
    "r": 0,
    "x": 0.18,
    "y": 0.33,
  },
  Point {
    "b": 0,
    "g": 0,
    "r": 0,
    "x": 0.18,
    "y": 0.33,
  },
  Point {
    "b": 0,
    "g": 0,
    "r": 0,
    "x": 0.18,
    "y": 0.33,
  },
  Point {
    "b": 0,
    "g": 0,
    "r": 0,
    "x": 0.18,
    "y": 0.33,
  },
  Point {
    "b": 0,
    "g": 0,
    "r": 0,
    "x": 0.18,
    "y": 0.33,
  },
  Point {
    "b": 0,
    "g": 0,
    "r": 0,
    "x": 0.18,
    "y": 0.33,
  },
  Point {
    "b": 0,
    "g": 0,
    "r": 0,
    "x": 0.18,
    "y": 0.33,
  },
  Point {
    "b": 0,
    "g": 0,
    "r": 0,
    "x": 0.18,
    "y": 0.33,
  },
  Point {
    "b": 0,
    "g": 0,
    "r": 0,
    "x": 0.18,
    "y": 0.33,
  },
  Point {
    "b": 0,
    "g": 0,
    "r": 0,
    "x": 0.18,
    "y": 0.33,
  },
  Point {
    "b": 0,
    "g": 0,
    "r": 0,
    "x": 0.18,
    "y": 0.33,
  },
  Point {
    "b": 0,
    "g": 0,
    "r": 0,
    "x": 0.18,
    "y": 0.33,
  },
  Point {
    "b": 0,
    "g": 0,
    "r": 0,
    "x": 0.18,
    "y": 0.33,
  },
  Point {
    "b": 0,
    "g": 0,
    "r": 0,
    "x": 0.18,
    "y": 0.33,
  },
  Point {
    "b": 0,
    "g": 0,
    "r": 0,
    "x": 0.18,
    "y": 0.33,
  },
  Point {
    "b": 0,
    "g": 0,
    "r": 0,
    "x": 0.18,
    "y": 0.33,
  },
  Point {
    "b": 0,
    "g": 0,
    "r": 0,
    "x": 0.18,
    "y": 0.33,
  },
  Point {
    "b": 0,
    "g": 0,
    "r": 1,
    "x": 0.18,
    "y": 0.43500000000000005,
  },
  Point {
    "b": 0,
    "g": 0,
    "r": 1,
    "x": 0.18,
    "y": 0.54,
  },
  Point {
    "b": 0,
    "g": 0,
    "r": 1,
    "x": 0.18,
    "y": 0.54,
  },
  Point {
    "b": 0,
    "g": 0,
    "r": 1,
    "x": 0.18,
    "y": 0.54,
  },
  Point {
    "b": 0,
    "g": 0,
    "r": 1,
    "x": 0.18,
    "y": 0.54,
  },
  Point {
    "b": 0,
    "g": 0,
    "r": 1,
    "x": 0.18,
    "y": 0.54,
  },
  Point {
    "b": 0,
    "g": 0,
    "r": 1,
    "x": 0.18,
    "y": 0.54,
  },
  Point {
    "b": 0,
    "g": 0,
    "r": 1,
    "x": 0.18,
    "y": 0.54,
  },
  Point {
    "b": 0,
    "g": 0,
    "r": 1,
    "x": 0.18,
    "y": 0.54,
  },
  Point {
    "b": 0,
    "g": 0,
    "r": 1,
    "x": 0.18,
    "y": 0.54,
  },
  Point {
    "b": 0,
    "g": 0,
    "r": 0,
    "x": 0.11,
    "y": 0.33,
  },
  Point {
    "b": 0,
    "g": 0,
    "r": 0,
    "x": 0.11,
    "y": 0.33,
  },
  Point {
    "b": 0,
    "g": 0,
    "r": 0,
    "x": 0.11,
    "y": 0.33,
  },
  Point {
    "b": 0,
    "g": 0,
    "r": 0,
    "x": 0.11,
    "y": 0.33,
  },
  Point {
    "b": 0,
    "g": 0,
    "r": 0,
    "x": 0.11,
    "y": 0.33,
  },
  Point {
    "b": 0,
    "g": 0,
    "r": 0,
    "x": 0.11,
    "y": 0.33,
  },
  Point {
    "b": 0,
    "g": 0,
    "r": 0,
    "x": 0.11,
    "y": 0.33,
  },
  Point {
    "b": 0,
    "g": 0,
    "r": 0,
    "x": 0.11,
    "y": 0.33,
  },
  Point {
    "b": 0,
    "g": 0,
    "r": 0,
    "x": 0.11,
    "y": 0.33,
  },
  Point {
    "b": 0,
    "g": 0,
    "r": 0,
    "x": 0.11,
    "y": 0.33,
  },
  Point {
    "b": 0,
    "g": 0,
    "r": 0,
    "x": 0.11,
    "y": 0.33,
  },
  Point {
    "b": 0,
    "g": 0,
    "r": 0,
    "x": 0.11,
    "y": 0.33,
  },
  Point {
    "b": 0,
    "g": 0,
    "r": 0,
    "x": 0.11,
    "y": 0.33,
  },
  Point {
    "b": 0,
    "g": 0,
    "r": 0,
    "x": 0.11,
    "y": 0.33,
  },
  Point {
    "b": 0,
    "g": 0,
    "r": 0,
    "x": 0.11,
    "y": 0.33,
  },
  Point {
    "b": 0,
    "g": 0,
    "r": 0,
    "x": 0.11,
    "y": 0.33,
  },
  Point {
    "b": 0,
    "g": 0,
    "r": 0,
    "x": 0.11,
    "y": 0.33,
  },
  Point {
    "b": 0,
    "g": 0,
    "r": 0,
    "x": 0.11,
    "y": 0.33,
  },
  Point {
    "b": 0,
    "g": 0,
    "r": 0,
    "x": 0.11,
    "y": 0.33,
  },
  Point {
    "b": 0,
    "g": 0,
    "r": 0,
    "x": 0.11,
    "y": 0.33,
  },
  Point {
    "b": 0,
    "g": 0,
    "r": 0,
    "x": 0.11,
    "y": 0.33,
  },
  Point {
    "b": 0,
    "g": 0,
    "r": 0,
    "x": 0.11,
    "y": 0.33,
  },
  Point {
    "b": 0,
    "g": 0,
    "r": 0,
    "x": 0.11,
    "y": 0.33,
  },
  Point {
    "b": 0,
    "g": 0,
    "r": 0,
    "x": 0.11,
    "y": 0.33,
  },
  Point {
    "b": 0,
    "g": 0,
    "r": 0,
    "x": 0.11,
    "y": 0.33,
  },
  Point {
    "b": 0,
    "g": 0,
    "r": 0,
    "x": 0.11,
    "y": 0.33,
  },
  Point {
    "b": 0,
    "g": 0,
    "r": 0,
    "x": 0.11,
    "y": 0.33,
  },
  Point {
    "b": 0,
    "g": 0,
    "r": 0,
    "x": 0.11,
    "y": 0.33,
  },
  Point {
    "b": 0,
    "g": 0,
    "r": 0,
    "x": 0.11,
    "y": 0.33,
  },
  Point {
    "b": 0,
    "g": 0,
    "r": 0,
    "x": 0.11,
    "y": 0.33,
  },
  Point {
    "b": 0,
    "g": 0,
    "r": 0,
    "x": 0.11,
    "y": 0.33,
  },
  Point {
    "b": 0,
    "g": 0,
    "r": 0,
    "x": 0.11,
    "y": 0.33,
  },
  Point {
    "b": 0,
    "g": 0,
    "r": 0,
    "x": 0.11,
    "y": 0.33,
  },
  Point {
    "b": 0,
    "g": 0,
    "r": 0,
    "x": 0.11,
    "y": 0.33,
  },
  Point {
    "b": 0,
    "g": 0,
    "r": 1,
    "x": 0.25,
    "y": 0.33,
  },
  Point {
    "b": 0,
    "g": 0,
    "r": 1,
    "x": 0.25,
    "y": 0.33,
  },
  Point {
    "b": 0,
    "g": 0,
    "r": 1,
    "x": 0.25,
    "y": 0.33,
  },
  Point {
    "b": 0,
    "g": 0,
    "r": 1,
    "x": 0.25,
    "y": 0.33,
  },
  Point {
    "b": 0,
    "g": 0,
    "r": 1,
    "x": 0.25,
    "y": 0.33,
  },
  Point {
    "b": 0,
    "g": 0,
    "r": 0,
    "x": 0.29000000000000004,
    "y": 0.46,
  },
  Point {
    "b": 0,
    "g": 0,
    "r": 0,
    "x": 0.29000000000000004,
    "y": 0.46,
  },
  Point {
    "b": 0,
    "g": 0,
    "r": 0,
    "x": 0.29000000000000004,
    "y": 0.46,
  },
  Point {
    "b": 0,
    "g": 0,
    "r": 0,
    "x": 0.29000000000000004,
    "y": 0.46,
  },
  Point {
    "b": 0,
    "g": 0,
    "r": 0,
    "x": 0.29000000000000004,
    "y": 0.46,
  },
  Point {
    "b": 0,
    "g": 0,
    "r": 0,
    "x": 0.29000000000000004,
    "y": 0.46,
  },
  Point {
    "b": 0,
    "g": 0,
    "r": 0,
    "x": 0.29000000000000004,
    "y": 0.46,
  },
  Point {
    "b": 0,
    "g": 0,
    "r": 0,
    "x": 0.29000000000000004,
    "y": 0.46,
  },
  Point {
    "b": 0,
    "g": 0,
    "r": 0,
    "x": 0.29000000000000004,
    "y": 0.46,
  },
  Point {
    "b": 0,
    "g": 0,
    "r": 0,
    "x": 0.29000000000000004,
    "y": 0.46,
  },
  Point {
    "b": 0,
    "g": 0,
    "r": 0,
    "x": 0.29000000000000004,
    "y": 0.46,
  },
  Point {
    "b": 0,
    "g": 0,
    "r": 0,
    "x": 0.29000000000000004,
    "y": 0.46,
  },
  Point {
    "b": 0,
    "g": 0,
    "r": 0,
    "x": 0.29000000000000004,
    "y": 0.46,
  },
  Point {
    "b": 0,
    "g": 0,
    "r": 0,
    "x": 0.29000000000000004,
    "y": 0.46,
  },
  Point {
    "b": 0,
    "g": 0,
    "r": 0,
    "x": 0.29000000000000004,
    "y": 0.46,
  },
  Point {
    "b": 0,
    "g": 0,
    "r": 0,
    "x": 0.29000000000000004,
    "y": 0.46,
  },
  Point {
    "b": 0,
    "g": 0,
    "r": 0,
    "x": 0.29000000000000004,
    "y": 0.46,
  },
  Point {
    "b": 0,
    "g": 0,
    "r": 0,
    "x": 0.29000000000000004,
    "y": 0.46,
  },
  Point {
    "b": 0,
    "g": 0,
    "r": 0,
    "x": 0.29000000000000004,
    "y": 0.46,
  },
  Point {
    "b": 0,
    "g": 0,
    "r": 0,
    "x": 0.29000000000000004,
    "y": 0.46,
  },
  Point {
    "b": 0,
    "g": 0,
    "r": 0,
    "x": 0.29000000000000004,
    "y": 0.46,
  },
  Point {
    "b": 0,
    "g": 0,
    "r": 0,
    "x": 0.29000000000000004,
    "y": 0.46,
  },
  Point {
    "b": 0,
    "g": 0,
    "r": 0,
    "x": 0.29000000000000004,
    "y": 0.46,
  },
  Point {
    "b": 0,
    "g": 0,
    "r": 0,
    "x": 0.29000000000000004,
    "y": 0.46,
  },
  Point {
    "b": 0,
    "g": 0,
    "r": 0,
    "x": 0.29000000000000004,
    "y": 0.46,
  },
  Point {
    "b": 0,
    "g": 0,
    "r": 0,
    "x": 0.29000000000000004,
    "y": 0.46,
  },
  Point {
    "b": 0,
    "g": 0,
    "r": 0,
    "x": 0.29000000000000004,
    "y": 0.46,
  },
  Point {
    "b": 0,
    "g": 0,
    "r": 0,
    "x": 0.29000000000000004,
    "y": 0.46,
  },
  Point {
    "b": 0,
    "g": 0,
    "r": 0,
    "x": 0.29000000000000004,
    "y": 0.46,
  },
  Point {
    "b": 0,
    "g": 0,
    "r": 0,
    "x": 0.29000000000000004,
    "y": 0.46,
  },
  Point {
    "b": 0,
    "g": 0,
    "r": 0,
    "x": 0.29000000000000004,
    "y": 0.46,
  },
  Point {
    "b": 0,
    "g": 0,
    "r": 0,
    "x": 0.29000000000000004,
    "y": 0.46,
  },
  Point {
    "b": 0,
    "g": 0,
    "r": 0,
    "x": 0.29000000000000004,
    "y": 0.46,
  },
  Point {
    "b": 0,
    "g": 0,
    "r": 0,
    "x": 0.29000000000000004,
    "y": 0.46,
  },
  Point {
    "b": 0,
    "g": 0,
    "r": 1,
    "x": 0.41000000000000003,
    "y": 0.46,
  },
  Point {
    "b": 0,
    "g": 0,
    "r": 0,
    "x": 0.58,
    "y": 0.43000000000000005,
  },
  Point {
    "b": 0,
    "g": 0,
    "r": 0,
    "x": 0.58,
    "y": 0.43000000000000005,
  },
  Point {
    "b": 0,
    "g": 0,
    "r": 0,
    "x": 0.58,
    "y": 0.43000000000000005,
  },
  Point {
    "b": 0,
    "g": 0,
    "r": 0,
    "x": 0.58,
    "y": 0.43000000000000005,
  },
  Point {
    "b": 0,
    "g": 0,
    "r": 0,
    "x": 0.58,
    "y": 0.43000000000000005,
  },
  Point {
    "b": 0,
    "g": 0,
    "r": 0,
    "x": 0.58,
    "y": 0.43000000000000005,
  },
  Point {
    "b": 0,
    "g": 0,
    "r": 0,
    "x": 0.58,
    "y": 0.43000000000000005,
  },
  Point {
    "b": 0,
    "g": 0,
    "r": 0,
    "x": 0.58,
    "y": 0.43000000000000005,
  },
  Point {
    "b": 0,
    "g": 0,
    "r": 0,
    "x": 0.58,
    "y": 0.43000000000000005,
  },
  Point {
    "b": 0,
    "g": 0,
    "r": 0,
    "x": 0.58,
    "y": 0.43000000000000005,
  },
  Point {
    "b": 0,
    "g": 0,
    "r": 0,
    "x": 0.58,
    "y": 0.43000000000000005,
  },
  Point {
    "b": 0,
    "g": 0,
    "r": 0,
    "x": 0.58,
    "y": 0.43000000000000005,
  },
  Point {
    "b": 0,
    "g": 0,
    "r": 0,
    "x": 0.58,
    "y": 0.43000000000000005,
  },
  Point {
    "b": 0,
    "g": 0,
    "r": 0,
    "x": 0.58,
    "y": 0.43000000000000005,
  },
  Point {
    "b": 0,
    "g": 0,
    "r": 0,
    "x": 0.58,
    "y": 0.43000000000000005,
  },
  Point {
    "b": 0,
    "g": 0,
    "r": 0,
    "x": 0.58,
    "y": 0.43000000000000005,
  },
  Point {
    "b": 0,
    "g": 0,
    "r": 0,
    "x": 0.58,
    "y": 0.43000000000000005,
  },
  Point {
    "b": 0,
    "g": 0,
    "r": 0,
    "x": 0.58,
    "y": 0.43000000000000005,
  },
  Point {
    "b": 0,
    "g": 0,
    "r": 0,
    "x": 0.58,
    "y": 0.43000000000000005,
  },
  Point {
    "b": 0,
    "g": 0,
    "r": 0,
    "x": 0.58,
    "y": 0.43000000000000005,
  },
  Point {
    "b": 0,
    "g": 0,
    "r": 0,
    "x": 0.58,
    "y": 0.43000000000000005,
  },
  Point {
    "b": 0,
    "g": 0,
    "r": 0,
    "x": 0.58,
    "y": 0.43000000000000005,
  },
  Point {
    "b": 0,
    "g": 0,
    "r": 0,
    "x": 0.58,
    "y": 0.43000000000000005,
  },
  Point {
    "b": 0,
    "g": 0,
    "r": 0,
    "x": 0.58,
    "y": 0.43000000000000005,
  },
  Point {
    "b": 0,
    "g": 0,
    "r": 0,
    "x": 0.58,
    "y": 0.43000000000000005,
  },
  Point {
    "b": 0,
    "g": 0,
    "r": 0,
    "x": 0.58,
    "y": 0.43000000000000005,
  },
  Point {
    "b": 0,
    "g": 0,
    "r": 1,
    "x": 0.55,
    "y": 0.47000000000000003,
  },
  Point {
    "b": 0,
    "g": 0,
    "r": 1,
    "x": 0.55,
    "y": 0.47000000000000003,
  },
  Point {
    "b": 0,
    "g": 0,
    "r": 1,
    "x": 0.55,
    "y": 0.47000000000000003,
  },
  Point {
    "b": 0,
    "g": 0,
    "r": 1,
    "x": 0.55,
    "y": 0.47000000000000003,
  },
  Point {
    "b": 0,
    "g": 0,
    "r": 1,
    "x": 0.55,
    "y": 0.47000000000000003,
  },
  Point {
    "b": 0,
    "g": 0,
    "r": 1,
    "x": 0.55,
    "y": 0.47000000000000003,
  },
  Point {
    "b": 0,
    "g": 0,
    "r": 1,
    "x": 0.55,
    "y": 0.47000000000000003,
  },
  Point {
    "b": 0,
    "g": 0,
    "r": 1,
    "x": 0.55,
    "y": 0.47000000000000003,
  },
  Point {
    "b": 0,
    "g": 0,
    "r": 1,
    "x": 0.55,
    "y": 0.47000000000000003,
  },
  Point {
    "b": 0,
    "g": 0,
    "r": 1,
    "x": 0.55,
    "y": 0.47000000000000003,
  },
  Point {
    "b": 0,
    "g": 0,
    "r": 0,
    "x": 0.66,
    "y": 0.33,
  },
  Point {
    "b": 0,
    "g": 0,
    "r": 0,
    "x": 0.66,
    "y": 0.33,
  },
  Point {
    "b": 0,
    "g": 0,
    "r": 0,
    "x": 0.66,
    "y": 0.33,
  },
  Point {
    "b": 0,
    "g": 0,
    "r": 0,
    "x": 0.66,
    "y": 0.33,
  },
  Point {
    "b": 0,
    "g": 0,
    "r": 0,
    "x": 0.66,
    "y": 0.33,
  },
  Point {
    "b": 0,
    "g": 0,
    "r": 0,
    "x": 0.66,
    "y": 0.33,
  },
  Point {
    "b": 0,
    "g": 0,
    "r": 0,
    "x": 0.66,
    "y": 0.33,
  },
  Point {
    "b": 0,
    "g": 0,
    "r": 0,
    "x": 0.66,
    "y": 0.33,
  },
  Point {
    "b": 0,
    "g": 0,
    "r": 0,
    "x": 0.66,
    "y": 0.33,
  },
  Point {
    "b": 0,
    "g": 0,
    "r": 0,
    "x": 0.66,
    "y": 0.33,
  },
  Point {
    "b": 0,
    "g": 0,
    "r": 0,
    "x": 0.66,
    "y": 0.33,
  },
  Point {
    "b": 0,
    "g": 0,
    "r": 0,
    "x": 0.66,
    "y": 0.33,
  },
  Point {
    "b": 0,
    "g": 0,
    "r": 0,
    "x": 0.66,
    "y": 0.33,
  },
  Point {
    "b": 0,
    "g": 0,
    "r": 0,
    "x": 0.66,
    "y": 0.33,
  },
  Point {
    "b": 0,
    "g": 0,
    "r": 0,
    "x": 0.66,
    "y": 0.33,
  },
  Point {
    "b": 0,
    "g": 0,
    "r": 0,
    "x": 0.66,
    "y": 0.33,
  },
  Point {
    "b": 0,
    "g": 0,
    "r": 0,
    "x": 0.66,
    "y": 0.33,
  },
  Point {
    "b": 0,
    "g": 0,
    "r": 0,
    "x": 0.66,
    "y": 0.33,
  },
  Point {
    "b": 0,
    "g": 0,
    "r": 0,
    "x": 0.66,
    "y": 0.33,
  },
  Point {
    "b": 0,
    "g": 0,
    "r": 0,
    "x": 0.66,
    "y": 0.33,
  },
  Point {
    "b": 0,
    "g": 0,
    "r": 0,
    "x": 0.66,
    "y": 0.33,
  },
  Point {
    "b": 0,
    "g": 0,
    "r": 0,
    "x": 0.66,
    "y": 0.33,
  },
  Point {
    "b": 0,
    "g": 0,
    "r": 0,
    "x": 0.66,
    "y": 0.33,
  },
  Point {
    "b": 0,
    "g": 0,
    "r": 0,
    "x": 0.66,
    "y": 0.33,
  },
  Point {
    "b": 0,
    "g": 0,
    "r": 0,
    "x": 0.66,
    "y": 0.33,
  },
  Point {
    "b": 0,
    "g": 0,
    "r": 0,
    "x": 0.66,
    "y": 0.33,
  },
  Point {
    "b": 0,
    "g": 0,
    "r": 0,
    "x": 0.66,
    "y": 0.33,
  },
  Point {
    "b": 0,
    "g": 0,
    "r": 0,
    "x": 0.66,
    "y": 0.33,
  },
  Point {
    "b": 0,
    "g": 0,
    "r": 0,
    "x": 0.66,
    "y": 0.33,
  },
  Point {
    "b": 0,
    "g": 0,
    "r": 1,
    "x": 0.66,
    "y": 0.41500000000000004,
  },
  Point {
    "b": 0,
    "g": 0,
    "r": 1,
    "x": 0.66,
    "y": 0.5,
  },
  Point {
    "b": 0,
    "g": 0,
    "r": 1,
    "x": 0.66,
    "y": 0.5,
  },
  Point {
    "b": 0,
    "g": 0,
    "r": 1,
    "x": 0.66,
    "y": 0.5,
  },
  Point {
    "b": 0,
    "g": 0,
    "r": 1,
    "x": 0.66,
    "y": 0.5,
  },
  Point {
    "b": 0,
    "g": 0,
    "r": 1,
    "x": 0.66,
    "y": 0.5,
  },
  Point {
    "b": 0,
    "g": 0,
    "r": 1,
    "x": 0.66,
    "y": 0.5,
  },
  Point {
    "b": 0,
    "g": 0,
    "r": 1,
    "x": 0.66,
    "y": 0.5,
  },
  Point {
    "b": 0,
    "g": 0,
    "r": 1,
    "x": 0.66,
    "y": 0.5,
  },
  Point {
    "b": 0,
    "g": 0,
    "r": 1,
    "x": 0.66,
    "y": 0.5,
  },
  Point {
    "b": 0,
    "g": 0,
    "r": 1,
    "x": 0.66,
    "y": 0.5,
  },
  Point {
    "b": 0,
    "g": 0,
    "r": 0,
    "x": 0.63,
    "y": 0.4,
  },
  Point {
    "b": 0,
    "g": 0,
    "r": 0,
    "x": 0.63,
    "y": 0.4,
  },
  Point {
    "b": 0,
    "g": 0,
    "r": 0,
    "x": 0.63,
    "y": 0.4,
  },
  Point {
    "b": 0,
    "g": 0,
    "r": 0,
    "x": 0.63,
    "y": 0.4,
  },
  Point {
    "b": 0,
    "g": 0,
    "r": 0,
    "x": 0.63,
    "y": 0.4,
  },
  Point {
    "b": 0,
    "g": 0,
    "r": 0,
    "x": 0.63,
    "y": 0.4,
  },
  Point {
    "b": 0,
    "g": 0,
    "r": 0,
    "x": 0.63,
    "y": 0.4,
  },
  Point {
    "b": 0,
    "g": 0,
    "r": 0,
    "x": 0.63,
    "y": 0.4,
  },
  Point {
    "b": 0,
    "g": 0,
    "r": 0,
    "x": 0.63,
    "y": 0.4,
  },
  Point {
    "b": 0,
    "g": 0,
    "r": 0,
    "x": 0.63,
    "y": 0.4,
  },
  Point {
    "b": 0,
    "g": 0,
    "r": 0,
    "x": 0.63,
    "y": 0.4,
  },
  Point {
    "b": 0,
    "g": 0,
    "r": 0,
    "x": 0.63,
    "y": 0.4,
  },
  Point {
    "b": 0,
    "g": 0,
    "r": 0,
    "x": 0.63,
    "y": 0.4,
  },
  Point {
    "b": 0,
    "g": 0,
    "r": 0,
    "x": 0.63,
    "y": 0.4,
  },
  Point {
    "b": 0,
    "g": 0,
    "r": 0,
    "x": 0.63,
    "y": 0.4,
  },
  Point {
    "b": 0,
    "g": 0,
    "r": 0,
    "x": 0.63,
    "y": 0.4,
  },
  Point {
    "b": 0,
    "g": 0,
    "r": 0,
    "x": 0.63,
    "y": 0.4,
  },
  Point {
    "b": 0,
    "g": 0,
    "r": 0,
    "x": 0.63,
    "y": 0.4,
  },
  Point {
    "b": 0,
    "g": 0,
    "r": 0,
    "x": 0.63,
    "y": 0.4,
  },
  Point {
    "b": 0,
    "g": 0,
    "r": 0,
    "x": 0.63,
    "y": 0.4,
  },
  Point {
    "b": 0,
    "g": 0,
    "r": 0,
    "x": 0.63,
    "y": 0.4,
  },
  Point {
    "b": 0,
    "g": 0,
    "r": 0,
    "x": 0.63,
    "y": 0.4,
  },
  Point {
    "b": 0,
    "g": 0,
    "r": 0,
    "x": 0.63,
    "y": 0.4,
  },
  Point {
    "b": 0,
    "g": 0,
    "r": 0,
    "x": 0.63,
    "y": 0.4,
  },
  Point {
    "b": 0,
    "g": 0,
    "r": 0,
    "x": 0.63,
    "y": 0.4,
  },
  Point {
    "b": 0,
    "g": 0,
    "r": 0,
    "x": 0.63,
    "y": 0.4,
  },
  Point {
    "b": 0,
    "g": 0,
    "r": 0,
    "x": 0.63,
    "y": 0.4,
  },
  Point {
    "b": 0,
    "g": 0,
    "r": 0,
    "x": 0.63,
    "y": 0.4,
  },
  Point {
    "b": 0,
    "g": 0,
    "r": 0,
    "x": 0.63,
    "y": 0.4,
  },
  Point {
    "b": 0,
    "g": 0,
    "r": 0,
    "x": 0.63,
    "y": 0.4,
  },
  Point {
    "b": 0,
    "g": 0,
    "r": 0,
    "x": 0.63,
    "y": 0.4,
  },
  Point {
    "b": 0,
    "g": 0,
    "r": 0,
    "x": 0.63,
    "y": 0.4,
  },
  Point {
    "b": 0,
    "g": 0,
    "r": 0,
    "x": 0.63,
    "y": 0.4,
  },
  Point {
    "b": 0,
    "g": 0,
    "r": 0,
    "x": 0.63,
    "y": 0.4,
  },
  Point {
    "b": 0,
    "g": 0,
    "r": 1,
    "x": 0.7,
    "y": 0.4,
  },
]
`;

exports[`draw a text with modified spacing factor 1`] = `
Array [
  Point {
    "b": 0,
    "g": 0,
    "r": 0,
    "x": 0.18,
    "y": 0.33,
  },
  Point {
    "b": 0,
    "g": 0,
    "r": 0,
    "x": 0.18,
    "y": 0.33,
  },
  Point {
    "b": 0,
    "g": 0,
    "r": 0,
    "x": 0.18,
    "y": 0.33,
  },
  Point {
    "b": 0,
    "g": 0,
    "r": 0,
    "x": 0.18,
    "y": 0.33,
  },
  Point {
    "b": 0,
    "g": 0,
    "r": 0,
    "x": 0.18,
    "y": 0.33,
  },
  Point {
    "b": 0,
    "g": 0,
    "r": 0,
    "x": 0.18,
    "y": 0.33,
  },
  Point {
    "b": 0,
    "g": 0,
    "r": 0,
    "x": 0.18,
    "y": 0.33,
  },
  Point {
    "b": 0,
    "g": 0,
    "r": 0,
    "x": 0.18,
    "y": 0.33,
  },
  Point {
    "b": 0,
    "g": 0,
    "r": 0,
    "x": 0.18,
    "y": 0.33,
  },
  Point {
    "b": 0,
    "g": 0,
    "r": 0,
    "x": 0.18,
    "y": 0.33,
  },
  Point {
    "b": 0,
    "g": 0,
    "r": 0,
    "x": 0.18,
    "y": 0.33,
  },
  Point {
    "b": 0,
    "g": 0,
    "r": 0,
    "x": 0.18,
    "y": 0.33,
  },
  Point {
    "b": 0,
    "g": 0,
    "r": 0,
    "x": 0.18,
    "y": 0.33,
  },
  Point {
    "b": 0,
    "g": 0,
    "r": 0,
    "x": 0.18,
    "y": 0.33,
  },
  Point {
    "b": 0,
    "g": 0,
    "r": 0,
    "x": 0.18,
    "y": 0.33,
  },
  Point {
    "b": 0,
    "g": 0,
    "r": 0,
    "x": 0.18,
    "y": 0.33,
  },
  Point {
    "b": 0,
    "g": 0,
    "r": 0,
    "x": 0.18,
    "y": 0.33,
  },
  Point {
    "b": 0,
    "g": 0,
    "r": 0,
    "x": 0.18,
    "y": 0.33,
  },
  Point {
    "b": 0,
    "g": 0,
    "r": 0,
    "x": 0.18,
    "y": 0.33,
  },
  Point {
    "b": 0,
    "g": 0,
    "r": 0,
    "x": 0.18,
    "y": 0.33,
  },
  Point {
    "b": 0,
    "g": 0,
    "r": 0,
    "x": 0.18,
    "y": 0.33,
  },
  Point {
    "b": 0,
    "g": 0,
    "r": 0,
    "x": 0.18,
    "y": 0.33,
  },
  Point {
    "b": 0,
    "g": 0,
    "r": 0,
    "x": 0.18,
    "y": 0.33,
  },
  Point {
    "b": 0,
    "g": 0,
    "r": 0,
    "x": 0.18,
    "y": 0.33,
  },
  Point {
    "b": 0,
    "g": 0,
    "r": 0,
    "x": 0.18,
    "y": 0.33,
  },
  Point {
    "b": 0,
    "g": 0,
    "r": 0,
    "x": 0.18,
    "y": 0.33,
  },
  Point {
    "b": 0,
    "g": 0,
    "r": 0,
    "x": 0.18,
    "y": 0.33,
  },
  Point {
    "b": 0,
    "g": 0,
    "r": 0,
    "x": 0.18,
    "y": 0.33,
  },
  Point {
    "b": 0,
    "g": 0,
    "r": 0,
    "x": 0.18,
    "y": 0.33,
  },
  Point {
    "b": 0,
    "g": 0,
    "r": 1,
    "x": 0.18,
    "y": 0.43500000000000005,
  },
  Point {
    "b": 0,
    "g": 0,
    "r": 1,
    "x": 0.18,
    "y": 0.54,
  },
  Point {
    "b": 0,
    "g": 0,
    "r": 1,
    "x": 0.18,
    "y": 0.54,
  },
  Point {
    "b": 0,
    "g": 0,
    "r": 1,
    "x": 0.18,
    "y": 0.54,
  },
  Point {
    "b": 0,
    "g": 0,
    "r": 1,
    "x": 0.18,
    "y": 0.54,
  },
  Point {
    "b": 0,
    "g": 0,
    "r": 1,
    "x": 0.18,
    "y": 0.54,
  },
  Point {
    "b": 0,
    "g": 0,
    "r": 1,
    "x": 0.18,
    "y": 0.54,
  },
  Point {
    "b": 0,
    "g": 0,
    "r": 1,
    "x": 0.18,
    "y": 0.54,
  },
  Point {
    "b": 0,
    "g": 0,
    "r": 1,
    "x": 0.18,
    "y": 0.54,
  },
  Point {
    "b": 0,
    "g": 0,
    "r": 1,
    "x": 0.18,
    "y": 0.54,
  },
  Point {
    "b": 0,
    "g": 0,
    "r": 0,
    "x": 0.11,
    "y": 0.33,
  },
  Point {
    "b": 0,
    "g": 0,
    "r": 0,
    "x": 0.11,
    "y": 0.33,
  },
  Point {
    "b": 0,
    "g": 0,
    "r": 0,
    "x": 0.11,
    "y": 0.33,
  },
  Point {
    "b": 0,
    "g": 0,
    "r": 0,
    "x": 0.11,
    "y": 0.33,
  },
  Point {
    "b": 0,
    "g": 0,
    "r": 0,
    "x": 0.11,
    "y": 0.33,
  },
  Point {
    "b": 0,
    "g": 0,
    "r": 0,
    "x": 0.11,
    "y": 0.33,
  },
  Point {
    "b": 0,
    "g": 0,
    "r": 0,
    "x": 0.11,
    "y": 0.33,
  },
  Point {
    "b": 0,
    "g": 0,
    "r": 0,
    "x": 0.11,
    "y": 0.33,
  },
  Point {
    "b": 0,
    "g": 0,
    "r": 0,
    "x": 0.11,
    "y": 0.33,
  },
  Point {
    "b": 0,
    "g": 0,
    "r": 0,
    "x": 0.11,
    "y": 0.33,
  },
  Point {
    "b": 0,
    "g": 0,
    "r": 0,
    "x": 0.11,
    "y": 0.33,
  },
  Point {
    "b": 0,
    "g": 0,
    "r": 0,
    "x": 0.11,
    "y": 0.33,
  },
  Point {
    "b": 0,
    "g": 0,
    "r": 0,
    "x": 0.11,
    "y": 0.33,
  },
  Point {
    "b": 0,
    "g": 0,
    "r": 0,
    "x": 0.11,
    "y": 0.33,
  },
  Point {
    "b": 0,
    "g": 0,
    "r": 0,
    "x": 0.11,
    "y": 0.33,
  },
  Point {
    "b": 0,
    "g": 0,
    "r": 0,
    "x": 0.11,
    "y": 0.33,
  },
  Point {
    "b": 0,
    "g": 0,
    "r": 0,
    "x": 0.11,
    "y": 0.33,
  },
  Point {
    "b": 0,
    "g": 0,
    "r": 0,
    "x": 0.11,
    "y": 0.33,
  },
  Point {
    "b": 0,
    "g": 0,
    "r": 0,
    "x": 0.11,
    "y": 0.33,
  },
  Point {
    "b": 0,
    "g": 0,
    "r": 0,
    "x": 0.11,
    "y": 0.33,
  },
  Point {
    "b": 0,
    "g": 0,
    "r": 0,
    "x": 0.11,
    "y": 0.33,
  },
  Point {
    "b": 0,
    "g": 0,
    "r": 0,
    "x": 0.11,
    "y": 0.33,
  },
  Point {
    "b": 0,
    "g": 0,
    "r": 0,
    "x": 0.11,
    "y": 0.33,
  },
  Point {
    "b": 0,
    "g": 0,
    "r": 0,
    "x": 0.11,
    "y": 0.33,
  },
  Point {
    "b": 0,
    "g": 0,
    "r": 0,
    "x": 0.11,
    "y": 0.33,
  },
  Point {
    "b": 0,
    "g": 0,
    "r": 0,
    "x": 0.11,
    "y": 0.33,
  },
  Point {
    "b": 0,
    "g": 0,
    "r": 0,
    "x": 0.11,
    "y": 0.33,
  },
  Point {
    "b": 0,
    "g": 0,
    "r": 0,
    "x": 0.11,
    "y": 0.33,
  },
  Point {
    "b": 0,
    "g": 0,
    "r": 0,
    "x": 0.11,
    "y": 0.33,
  },
  Point {
    "b": 0,
    "g": 0,
    "r": 0,
    "x": 0.11,
    "y": 0.33,
  },
  Point {
    "b": 0,
    "g": 0,
    "r": 0,
    "x": 0.11,
    "y": 0.33,
  },
  Point {
    "b": 0,
    "g": 0,
    "r": 0,
    "x": 0.11,
    "y": 0.33,
  },
  Point {
    "b": 0,
    "g": 0,
    "r": 0,
    "x": 0.11,
    "y": 0.33,
  },
  Point {
    "b": 0,
    "g": 0,
    "r": 0,
    "x": 0.11,
    "y": 0.33,
  },
  Point {
    "b": 0,
    "g": 0,
    "r": 1,
    "x": 0.25,
    "y": 0.33,
  },
  Point {
    "b": 0,
    "g": 0,
    "r": 1,
    "x": 0.25,
    "y": 0.33,
  },
  Point {
    "b": 0,
    "g": 0,
    "r": 1,
    "x": 0.25,
    "y": 0.33,
  },
  Point {
    "b": 0,
    "g": 0,
    "r": 1,
    "x": 0.25,
    "y": 0.33,
  },
  Point {
    "b": 0,
    "g": 0,
    "r": 1,
    "x": 0.25,
    "y": 0.33,
  },
  Point {
    "b": 0,
    "g": 0,
    "r": 1,
    "x": 0.25,
    "y": 0.33,
  },
  Point {
    "b": 0,
    "g": 0,
    "r": 0,
    "x": 0.242,
    "y": 0.46,
  },
  Point {
    "b": 0,
    "g": 0,
    "r": 0,
    "x": 0.242,
    "y": 0.46,
  },
  Point {
    "b": 0,
    "g": 0,
    "r": 0,
    "x": 0.242,
    "y": 0.46,
  },
  Point {
    "b": 0,
    "g": 0,
    "r": 0,
    "x": 0.242,
    "y": 0.46,
  },
  Point {
    "b": 0,
    "g": 0,
    "r": 0,
    "x": 0.242,
    "y": 0.46,
  },
  Point {
    "b": 0,
    "g": 0,
    "r": 0,
    "x": 0.242,
    "y": 0.46,
  },
  Point {
    "b": 0,
    "g": 0,
    "r": 0,
    "x": 0.242,
    "y": 0.46,
  },
  Point {
    "b": 0,
    "g": 0,
    "r": 0,
    "x": 0.242,
    "y": 0.46,
  },
  Point {
    "b": 0,
    "g": 0,
    "r": 0,
    "x": 0.242,
    "y": 0.46,
  },
  Point {
    "b": 0,
    "g": 0,
    "r": 0,
    "x": 0.242,
    "y": 0.46,
  },
  Point {
    "b": 0,
    "g": 0,
    "r": 0,
    "x": 0.242,
    "y": 0.46,
  },
  Point {
    "b": 0,
    "g": 0,
    "r": 0,
    "x": 0.242,
    "y": 0.46,
  },
  Point {
    "b": 0,
    "g": 0,
    "r": 0,
    "x": 0.242,
    "y": 0.46,
  },
  Point {
    "b": 0,
    "g": 0,
    "r": 0,
    "x": 0.242,
    "y": 0.46,
  },
  Point {
    "b": 0,
    "g": 0,
    "r": 0,
    "x": 0.242,
    "y": 0.46,
  },
  Point {
    "b": 0,
    "g": 0,
    "r": 0,
    "x": 0.242,
    "y": 0.46,
  },
  Point {
    "b": 0,
    "g": 0,
    "r": 0,
    "x": 0.242,
    "y": 0.46,
  },
  Point {
    "b": 0,
    "g": 0,
    "r": 0,
    "x": 0.242,
    "y": 0.46,
  },
  Point {
    "b": 0,
    "g": 0,
    "r": 0,
    "x": 0.242,
    "y": 0.46,
  },
  Point {
    "b": 0,
    "g": 0,
    "r": 0,
    "x": 0.242,
    "y": 0.46,
  },
  Point {
    "b": 0,
    "g": 0,
    "r": 0,
    "x": 0.242,
    "y": 0.46,
  },
  Point {
    "b": 0,
    "g": 0,
    "r": 0,
    "x": 0.242,
    "y": 0.46,
  },
  Point {
    "b": 0,
    "g": 0,
    "r": 0,
    "x": 0.242,
    "y": 0.46,
  },
  Point {
    "b": 0,
    "g": 0,
    "r": 0,
    "x": 0.242,
    "y": 0.46,
  },
  Point {
    "b": 0,
    "g": 0,
    "r": 0,
    "x": 0.242,
    "y": 0.46,
  },
  Point {
    "b": 0,
    "g": 0,
    "r": 0,
    "x": 0.242,
    "y": 0.46,
  },
  Point {
    "b": 0,
    "g": 0,
    "r": 0,
    "x": 0.242,
    "y": 0.46,
  },
  Point {
    "b": 0,
    "g": 0,
    "r": 0,
    "x": 0.242,
    "y": 0.46,
  },
  Point {
    "b": 0,
    "g": 0,
    "r": 0,
    "x": 0.242,
    "y": 0.46,
  },
  Point {
    "b": 0,
    "g": 0,
    "r": 0,
    "x": 0.242,
    "y": 0.46,
  },
  Point {
    "b": 0,
    "g": 0,
    "r": 0,
    "x": 0.242,
    "y": 0.46,
  },
  Point {
    "b": 0,
    "g": 0,
    "r": 0,
    "x": 0.242,
    "y": 0.46,
  },
  Point {
    "b": 0,
    "g": 0,
    "r": 0,
    "x": 0.242,
    "y": 0.46,
  },
  Point {
    "b": 0,
    "g": 0,
    "r": 0,
    "x": 0.242,
    "y": 0.46,
  },
  Point {
    "b": 0,
    "g": 0,
    "r": 1,
    "x": 0.362,
    "y": 0.46,
  },
  Point {
    "b": 0,
    "g": 0,
    "r": 0,
    "x": 0.478,
    "y": 0.43000000000000005,
  },
  Point {
    "b": 0,
    "g": 0,
    "r": 0,
    "x": 0.478,
    "y": 0.43000000000000005,
  },
  Point {
    "b": 0,
    "g": 0,
    "r": 0,
    "x": 0.478,
    "y": 0.43000000000000005,
  },
  Point {
    "b": 0,
    "g": 0,
    "r": 0,
    "x": 0.478,
    "y": 0.43000000000000005,
  },
  Point {
    "b": 0,
    "g": 0,
    "r": 0,
    "x": 0.478,
    "y": 0.43000000000000005,
  },
  Point {
    "b": 0,
    "g": 0,
    "r": 0,
    "x": 0.478,
    "y": 0.43000000000000005,
  },
  Point {
    "b": 0,
    "g": 0,
    "r": 0,
    "x": 0.478,
    "y": 0.43000000000000005,
  },
  Point {
    "b": 0,
    "g": 0,
    "r": 0,
    "x": 0.478,
    "y": 0.43000000000000005,
  },
  Point {
    "b": 0,
    "g": 0,
    "r": 0,
    "x": 0.478,
    "y": 0.43000000000000005,
  },
  Point {
    "b": 0,
    "g": 0,
    "r": 0,
    "x": 0.478,
    "y": 0.43000000000000005,
  },
  Point {
    "b": 0,
    "g": 0,
    "r": 0,
    "x": 0.478,
    "y": 0.43000000000000005,
  },
  Point {
    "b": 0,
    "g": 0,
    "r": 0,
    "x": 0.478,
    "y": 0.43000000000000005,
  },
  Point {
    "b": 0,
    "g": 0,
    "r": 0,
    "x": 0.478,
    "y": 0.43000000000000005,
  },
  Point {
    "b": 0,
    "g": 0,
    "r": 0,
    "x": 0.478,
    "y": 0.43000000000000005,
  },
  Point {
    "b": 0,
    "g": 0,
    "r": 0,
    "x": 0.478,
    "y": 0.43000000000000005,
  },
  Point {
    "b": 0,
    "g": 0,
    "r": 0,
    "x": 0.478,
    "y": 0.43000000000000005,
  },
  Point {
    "b": 0,
    "g": 0,
    "r": 0,
    "x": 0.478,
    "y": 0.43000000000000005,
  },
  Point {
    "b": 0,
    "g": 0,
    "r": 0,
    "x": 0.478,
    "y": 0.43000000000000005,
  },
  Point {
    "b": 0,
    "g": 0,
    "r": 0,
    "x": 0.478,
    "y": 0.43000000000000005,
  },
  Point {
    "b": 0,
    "g": 0,
    "r": 0,
    "x": 0.478,
    "y": 0.43000000000000005,
  },
  Point {
    "b": 0,
    "g": 0,
    "r": 0,
    "x": 0.478,
    "y": 0.43000000000000005,
  },
  Point {
    "b": 0,
    "g": 0,
    "r": 0,
    "x": 0.478,
    "y": 0.43000000000000005,
  },
  Point {
    "b": 0,
    "g": 0,
    "r": 0,
    "x": 0.478,
    "y": 0.43000000000000005,
  },
  Point {
    "b": 0,
    "g": 0,
    "r": 0,
    "x": 0.478,
    "y": 0.43000000000000005,
  },
  Point {
    "b": 0,
    "g": 0,
    "r": 0,
    "x": 0.478,
    "y": 0.43000000000000005,
  },
  Point {
    "b": 0,
    "g": 0,
    "r": 0,
    "x": 0.478,
    "y": 0.43000000000000005,
  },
  Point {
    "b": 0,
    "g": 0,
    "r": 1,
    "x": 0.44799999999999995,
    "y": 0.47000000000000003,
  },
  Point {
    "b": 0,
    "g": 0,
    "r": 1,
    "x": 0.44799999999999995,
    "y": 0.47000000000000003,
  },
  Point {
    "b": 0,
    "g": 0,
    "r": 1,
    "x": 0.44799999999999995,
    "y": 0.47000000000000003,
  },
  Point {
    "b": 0,
    "g": 0,
    "r": 1,
    "x": 0.44799999999999995,
    "y": 0.47000000000000003,
  },
  Point {
    "b": 0,
    "g": 0,
    "r": 1,
    "x": 0.44799999999999995,
    "y": 0.47000000000000003,
  },
  Point {
    "b": 0,
    "g": 0,
    "r": 1,
    "x": 0.44799999999999995,
    "y": 0.47000000000000003,
  },
  Point {
    "b": 0,
    "g": 0,
    "r": 1,
    "x": 0.44799999999999995,
    "y": 0.47000000000000003,
  },
  Point {
    "b": 0,
    "g": 0,
    "r": 1,
    "x": 0.44799999999999995,
    "y": 0.47000000000000003,
  },
  Point {
    "b": 0,
    "g": 0,
    "r": 1,
    "x": 0.44799999999999995,
    "y": 0.47000000000000003,
  },
  Point {
    "b": 0,
    "g": 0,
    "r": 1,
    "x": 0.44799999999999995,
    "y": 0.47000000000000003,
  },
  Point {
    "b": 0,
    "g": 0,
    "r": 0,
    "x": 0.507,
    "y": 0.33,
  },
  Point {
    "b": 0,
    "g": 0,
    "r": 0,
    "x": 0.507,
    "y": 0.33,
  },
  Point {
    "b": 0,
    "g": 0,
    "r": 0,
    "x": 0.507,
    "y": 0.33,
  },
  Point {
    "b": 0,
    "g": 0,
    "r": 0,
    "x": 0.507,
    "y": 0.33,
  },
  Point {
    "b": 0,
    "g": 0,
    "r": 0,
    "x": 0.507,
    "y": 0.33,
  },
  Point {
    "b": 0,
    "g": 0,
    "r": 0,
    "x": 0.507,
    "y": 0.33,
  },
  Point {
    "b": 0,
    "g": 0,
    "r": 0,
    "x": 0.507,
    "y": 0.33,
  },
  Point {
    "b": 0,
    "g": 0,
    "r": 0,
    "x": 0.507,
    "y": 0.33,
  },
  Point {
    "b": 0,
    "g": 0,
    "r": 0,
    "x": 0.507,
    "y": 0.33,
  },
  Point {
    "b": 0,
    "g": 0,
    "r": 0,
    "x": 0.507,
    "y": 0.33,
  },
  Point {
    "b": 0,
    "g": 0,
    "r": 0,
    "x": 0.507,
    "y": 0.33,
  },
  Point {
    "b": 0,
    "g": 0,
    "r": 0,
    "x": 0.507,
    "y": 0.33,
  },
  Point {
    "b": 0,
    "g": 0,
    "r": 0,
    "x": 0.507,
    "y": 0.33,
  },
  Point {
    "b": 0,
    "g": 0,
    "r": 0,
    "x": 0.507,
    "y": 0.33,
  },
  Point {
    "b": 0,
    "g": 0,
    "r": 0,
    "x": 0.507,
    "y": 0.33,
  },
  Point {
    "b": 0,
    "g": 0,
    "r": 0,
    "x": 0.507,
    "y": 0.33,
  },
  Point {
    "b": 0,
    "g": 0,
    "r": 0,
    "x": 0.507,
    "y": 0.33,
  },
  Point {
    "b": 0,
    "g": 0,
    "r": 0,
    "x": 0.507,
    "y": 0.33,
  },
  Point {
    "b": 0,
    "g": 0,
    "r": 0,
    "x": 0.507,
    "y": 0.33,
  },
  Point {
    "b": 0,
    "g": 0,
    "r": 0,
    "x": 0.507,
    "y": 0.33,
  },
  Point {
    "b": 0,
    "g": 0,
    "r": 0,
    "x": 0.507,
    "y": 0.33,
  },
  Point {
    "b": 0,
    "g": 0,
    "r": 0,
    "x": 0.507,
    "y": 0.33,
  },
  Point {
    "b": 0,
    "g": 0,
    "r": 0,
    "x": 0.507,
    "y": 0.33,
  },
  Point {
    "b": 0,
    "g": 0,
    "r": 0,
    "x": 0.507,
    "y": 0.33,
  },
  Point {
    "b": 0,
    "g": 0,
    "r": 0,
    "x": 0.507,
    "y": 0.33,
  },
  Point {
    "b": 0,
    "g": 0,
    "r": 0,
    "x": 0.507,
    "y": 0.33,
  },
  Point {
    "b": 0,
    "g": 0,
    "r": 0,
    "x": 0.507,
    "y": 0.33,
  },
  Point {
    "b": 0,
    "g": 0,
    "r": 0,
    "x": 0.507,
    "y": 0.33,
  },
  Point {
    "b": 0,
    "g": 0,
    "r": 0,
    "x": 0.507,
    "y": 0.33,
  },
  Point {
    "b": 0,
    "g": 0,
    "r": 1,
    "x": 0.507,
    "y": 0.41500000000000004,
  },
  Point {
    "b": 0,
    "g": 0,
    "r": 1,
    "x": 0.507,
    "y": 0.5,
  },
  Point {
    "b": 0,
    "g": 0,
    "r": 1,
    "x": 0.507,
    "y": 0.5,
  },
  Point {
    "b": 0,
    "g": 0,
    "r": 1,
    "x": 0.507,
    "y": 0.5,
  },
  Point {
    "b": 0,
    "g": 0,
    "r": 1,
    "x": 0.507,
    "y": 0.5,
  },
  Point {
    "b": 0,
    "g": 0,
    "r": 1,
    "x": 0.507,
    "y": 0.5,
  },
  Point {
    "b": 0,
    "g": 0,
    "r": 1,
    "x": 0.507,
    "y": 0.5,
  },
  Point {
    "b": 0,
    "g": 0,
    "r": 1,
    "x": 0.507,
    "y": 0.5,
  },
  Point {
    "b": 0,
    "g": 0,
    "r": 1,
    "x": 0.507,
    "y": 0.5,
  },
  Point {
    "b": 0,
    "g": 0,
    "r": 1,
    "x": 0.507,
    "y": 0.5,
  },
  Point {
    "b": 0,
    "g": 0,
    "r": 1,
    "x": 0.507,
    "y": 0.5,
  },
  Point {
    "b": 0,
    "g": 0,
    "r": 0,
    "x": 0.477,
    "y": 0.4,
  },
  Point {
    "b": 0,
    "g": 0,
    "r": 0,
    "x": 0.477,
    "y": 0.4,
  },
  Point {
    "b": 0,
    "g": 0,
    "r": 0,
    "x": 0.477,
    "y": 0.4,
  },
  Point {
    "b": 0,
    "g": 0,
    "r": 0,
    "x": 0.477,
    "y": 0.4,
  },
  Point {
    "b": 0,
    "g": 0,
    "r": 0,
    "x": 0.477,
    "y": 0.4,
  },
  Point {
    "b": 0,
    "g": 0,
    "r": 0,
    "x": 0.477,
    "y": 0.4,
  },
  Point {
    "b": 0,
    "g": 0,
    "r": 0,
    "x": 0.477,
    "y": 0.4,
  },
  Point {
    "b": 0,
    "g": 0,
    "r": 0,
    "x": 0.477,
    "y": 0.4,
  },
  Point {
    "b": 0,
    "g": 0,
    "r": 0,
    "x": 0.477,
    "y": 0.4,
  },
  Point {
    "b": 0,
    "g": 0,
    "r": 0,
    "x": 0.477,
    "y": 0.4,
  },
  Point {
    "b": 0,
    "g": 0,
    "r": 0,
    "x": 0.477,
    "y": 0.4,
  },
  Point {
    "b": 0,
    "g": 0,
    "r": 0,
    "x": 0.477,
    "y": 0.4,
  },
  Point {
    "b": 0,
    "g": 0,
    "r": 0,
    "x": 0.477,
    "y": 0.4,
  },
  Point {
    "b": 0,
    "g": 0,
    "r": 0,
    "x": 0.477,
    "y": 0.4,
  },
  Point {
    "b": 0,
    "g": 0,
    "r": 0,
    "x": 0.477,
    "y": 0.4,
  },
  Point {
    "b": 0,
    "g": 0,
    "r": 0,
    "x": 0.477,
    "y": 0.4,
  },
  Point {
    "b": 0,
    "g": 0,
    "r": 0,
    "x": 0.477,
    "y": 0.4,
  },
  Point {
    "b": 0,
    "g": 0,
    "r": 0,
    "x": 0.477,
    "y": 0.4,
  },
  Point {
    "b": 0,
    "g": 0,
    "r": 0,
    "x": 0.477,
    "y": 0.4,
  },
  Point {
    "b": 0,
    "g": 0,
    "r": 0,
    "x": 0.477,
    "y": 0.4,
  },
  Point {
    "b": 0,
    "g": 0,
    "r": 0,
    "x": 0.477,
    "y": 0.4,
  },
  Point {
    "b": 0,
    "g": 0,
    "r": 0,
    "x": 0.477,
    "y": 0.4,
  },
  Point {
    "b": 0,
    "g": 0,
    "r": 0,
    "x": 0.477,
    "y": 0.4,
  },
  Point {
    "b": 0,
    "g": 0,
    "r": 0,
    "x": 0.477,
    "y": 0.4,
  },
  Point {
    "b": 0,
    "g": 0,
    "r": 0,
    "x": 0.477,
    "y": 0.4,
  },
  Point {
    "b": 0,
    "g": 0,
    "r": 0,
    "x": 0.477,
    "y": 0.4,
  },
  Point {
    "b": 0,
    "g": 0,
    "r": 0,
    "x": 0.477,
    "y": 0.4,
  },
  Point {
    "b": 0,
    "g": 0,
    "r": 0,
    "x": 0.477,
    "y": 0.4,
  },
  Point {
    "b": 0,
    "g": 0,
    "r": 0,
    "x": 0.477,
    "y": 0.4,
  },
  Point {
    "b": 0,
    "g": 0,
    "r": 0,
    "x": 0.477,
    "y": 0.4,
  },
  Point {
    "b": 0,
    "g": 0,
    "r": 0,
    "x": 0.477,
    "y": 0.4,
  },
  Point {
    "b": 0,
    "g": 0,
    "r": 0,
    "x": 0.477,
    "y": 0.4,
  },
  Point {
    "b": 0,
    "g": 0,
    "r": 0,
    "x": 0.477,
    "y": 0.4,
  },
  Point {
    "b": 0,
    "g": 0,
    "r": 0,
    "x": 0.477,
    "y": 0.4,
  },
  Point {
    "b": 0,
    "g": 0,
    "r": 1,
    "x": 0.5469999999999999,
    "y": 0.4,
  },
]
`;
